[train: Epoch 1, 50 / 1875] FPS: 18.1 (107.8)  ,  DataTime: 1.037 (0.005)  ,  ForwardTime: 0.722  ,  TotalTime: 1.764  ,  Loss/total: 1.92162  ,  Loss/giou: 0.40940  ,  Loss/l1: 0.03984  ,  Loss/location: 0.88212  ,  pro_loss: 0.10750  ,  IoU: 0.63970  ,  Loss/sim: 0.00000
[train: Epoch 1, 100 / 1875] FPS: 20.9 (495.5)  ,  DataTime: 1.136 (0.005)  ,  ForwardTime: 0.389  ,  TotalTime: 1.530  ,  Loss/total: 1.89884  ,  Loss/giou: 0.41217  ,  Loss/l1: 0.04156  ,  Loss/location: 0.84351  ,  pro_loss: 0.11594  ,  IoU: 0.64123  ,  Loss/sim: 0.00000
[train: Epoch 1, 150 / 1875] FPS: 23.6 (494.2)  ,  DataTime: 1.070 (0.005)  ,  ForwardTime: 0.279  ,  TotalTime: 1.353  ,  Loss/total: 1.82221  ,  Loss/giou: 0.40099  ,  Loss/l1: 0.04058  ,  Loss/location: 0.79384  ,  pro_loss: 0.11750  ,  IoU: 0.65206  ,  Loss/sim: 0.00000
[train: Epoch 1, 200 / 1875] FPS: 25.5 (464.9)  ,  DataTime: 1.026 (0.005)  ,  ForwardTime: 0.223  ,  TotalTime: 1.254  ,  Loss/total: 1.75460  ,  Loss/giou: 0.39276  ,  Loss/l1: 0.03989  ,  Loss/location: 0.74610  ,  pro_loss: 0.11781  ,  IoU: 0.66003  ,  Loss/sim: 0.00000
[train: Epoch 1, 250 / 1875] FPS: 24.2 (494.2)  ,  DataTime: 1.127 (0.005)  ,  ForwardTime: 0.190  ,  TotalTime: 1.321  ,  Loss/total: 1.70181  ,  Loss/giou: 0.38636  ,  Loss/l1: 0.03888  ,  Loss/location: 0.71060  ,  pro_loss: 0.12033  ,  IoU: 0.66526  ,  Loss/sim: 0.00000
[train: Epoch 1, 300 / 1875] FPS: 25.7 (483.5)  ,  DataTime: 1.074 (0.005)  ,  ForwardTime: 0.168  ,  TotalTime: 1.247  ,  Loss/total: 1.65166  ,  Loss/giou: 0.38025  ,  Loss/l1: 0.03795  ,  Loss/location: 0.67703  ,  pro_loss: 0.12198  ,  IoU: 0.67032  ,  Loss/sim: 0.00000
[train: Epoch 1, 350 / 1875] FPS: 26.7 (489.2)  ,  DataTime: 1.042 (0.005)  ,  ForwardTime: 0.152  ,  TotalTime: 1.199  ,  Loss/total: 1.61615  ,  Loss/giou: 0.37594  ,  Loss/l1: 0.03739  ,  Loss/location: 0.65271  ,  pro_loss: 0.12301  ,  IoU: 0.67374  ,  Loss/sim: 0.00000
[train: Epoch 1, 400 / 1875] FPS: 28.2 (488.6)  ,  DataTime: 0.991 (0.005)  ,  ForwardTime: 0.140  ,  TotalTime: 1.136  ,  Loss/total: 1.58651  ,  Loss/giou: 0.37217  ,  Loss/l1: 0.03677  ,  Loss/location: 0.63351  ,  pro_loss: 0.12409  ,  IoU: 0.67660  ,  Loss/sim: 0.00000
[train: Epoch 1, 450 / 1875] FPS: 27.5 (209.6)  ,  DataTime: 1.024 (0.005)  ,  ForwardTime: 0.134  ,  TotalTime: 1.163  ,  Loss/total: 1.54881  ,  Loss/giou: 0.36649  ,  Loss/l1: 0.03590  ,  Loss/location: 0.61130  ,  pro_loss: 0.12505  ,  IoU: 0.68105  ,  Loss/sim: 0.00000
[train: Epoch 1, 500 / 1875] FPS: 26.9 (488.8)  ,  DataTime: 1.059 (0.005)  ,  ForwardTime: 0.127  ,  TotalTime: 1.191  ,  Loss/total: 1.52121  ,  Loss/giou: 0.36204  ,  Loss/l1: 0.03529  ,  Loss/location: 0.59559  ,  pro_loss: 0.12542  ,  IoU: 0.68452  ,  Loss/sim: 0.00000
[train: Epoch 1, 550 / 1875] FPS: 26.2 (9.0)  ,  DataTime: 1.095 (0.005)  ,  ForwardTime: 0.122  ,  TotalTime: 1.222  ,  Loss/total: 1.50090  ,  Loss/giou: 0.35931  ,  Loss/l1: 0.03500  ,  Loss/location: 0.58215  ,  pro_loss: 0.12568  ,  IoU: 0.68693  ,  Loss/sim: 0.00000
[train: Epoch 1, 600 / 1875] FPS: 25.7 (486.4)  ,  DataTime: 1.124 (0.005)  ,  ForwardTime: 0.117  ,  TotalTime: 1.246  ,  Loss/total: 1.47957  ,  Loss/giou: 0.35573  ,  Loss/l1: 0.03456  ,  Loss/location: 0.57021  ,  pro_loss: 0.12556  ,  IoU: 0.68987  ,  Loss/sim: 0.00000
[train: Epoch 1, 650 / 1875] FPS: 25.1 (5.6)  ,  DataTime: 1.156 (0.005)  ,  ForwardTime: 0.113  ,  TotalTime: 1.274  ,  Loss/total: 1.46656  ,  Loss/giou: 0.35393  ,  Loss/l1: 0.03449  ,  Loss/location: 0.56100  ,  pro_loss: 0.12619  ,  IoU: 0.69174  ,  Loss/sim: 0.00000
[train: Epoch 1, 700 / 1875] FPS: 24.9 (473.3)  ,  DataTime: 1.170 (0.005)  ,  ForwardTime: 0.110  ,  TotalTime: 1.286  ,  Loss/total: 1.45261  ,  Loss/giou: 0.35165  ,  Loss/l1: 0.03416  ,  Loss/location: 0.55333  ,  pro_loss: 0.12597  ,  IoU: 0.69359  ,  Loss/sim: 0.00000
[train: Epoch 1, 750 / 1875] FPS: 24.5 (497.7)  ,  DataTime: 1.194 (0.005)  ,  ForwardTime: 0.107  ,  TotalTime: 1.306  ,  Loss/total: 1.43826  ,  Loss/giou: 0.34932  ,  Loss/l1: 0.03381  ,  Loss/location: 0.54523  ,  pro_loss: 0.12678  ,  IoU: 0.69544  ,  Loss/sim: 0.00000
[train: Epoch 1, 800 / 1875] FPS: 24.2 (232.9)  ,  DataTime: 1.210 (0.005)  ,  ForwardTime: 0.105  ,  TotalTime: 1.320  ,  Loss/total: 1.42702  ,  Loss/giou: 0.34752  ,  Loss/l1: 0.03365  ,  Loss/location: 0.53834  ,  pro_loss: 0.12691  ,  IoU: 0.69711  ,  Loss/sim: 0.00000
[train: Epoch 1, 850 / 1875] FPS: 23.8 (5.6)  ,  DataTime: 1.234 (0.005)  ,  ForwardTime: 0.104  ,  TotalTime: 1.343  ,  Loss/total: 1.41375  ,  Loss/giou: 0.34555  ,  Loss/l1: 0.03336  ,  Loss/location: 0.53037  ,  pro_loss: 0.12732  ,  IoU: 0.69874  ,  Loss/sim: 0.00000
[train: Epoch 1, 900 / 1875] FPS: 23.5 (17.0)  ,  DataTime: 1.255 (0.005)  ,  ForwardTime: 0.102  ,  TotalTime: 1.363  ,  Loss/total: 1.39810  ,  Loss/giou: 0.34287  ,  Loss/l1: 0.03292  ,  Loss/location: 0.52227  ,  pro_loss: 0.12738  ,  IoU: 0.70084  ,  Loss/sim: 0.00000
[train: Epoch 1, 950 / 1875] FPS: 22.9 (4.0)  ,  DataTime: 1.290 (0.005)  ,  ForwardTime: 0.100  ,  TotalTime: 1.395  ,  Loss/total: 1.38618  ,  Loss/giou: 0.34098  ,  Loss/l1: 0.03265  ,  Loss/location: 0.51542  ,  pro_loss: 0.12785  ,  IoU: 0.70229  ,  Loss/sim: 0.00000
[train: Epoch 1, 1000 / 1875] FPS: 22.6 (219.8)  ,  DataTime: 1.310 (0.005)  ,  ForwardTime: 0.098  ,  TotalTime: 1.414  ,  Loss/total: 1.37345  ,  Loss/giou: 0.33869  ,  Loss/l1: 0.03227  ,  Loss/location: 0.50912  ,  pro_loss: 0.12791  ,  IoU: 0.70400  ,  Loss/sim: 0.00000
[train: Epoch 1, 1050 / 1875] FPS: 22.3 (3.5)  ,  DataTime: 1.332 (0.005)  ,  ForwardTime: 0.097  ,  TotalTime: 1.434  ,  Loss/total: 1.36290  ,  Loss/giou: 0.33684  ,  Loss/l1: 0.03199  ,  Loss/location: 0.50361  ,  pro_loss: 0.12819  ,  IoU: 0.70541  ,  Loss/sim: 0.00000
[train: Epoch 1, 1100 / 1875] FPS: 22.2 (493.6)  ,  DataTime: 1.343 (0.005)  ,  ForwardTime: 0.096  ,  TotalTime: 1.444  ,  Loss/total: 1.35463  ,  Loss/giou: 0.33555  ,  Loss/l1: 0.03180  ,  Loss/location: 0.49892  ,  pro_loss: 0.12819  ,  IoU: 0.70647  ,  Loss/sim: 0.00000
[train: Epoch 1, 1150 / 1875] FPS: 21.9 (456.9)  ,  DataTime: 1.359 (0.006)  ,  ForwardTime: 0.095  ,  TotalTime: 1.459  ,  Loss/total: 1.34277  ,  Loss/giou: 0.33326  ,  Loss/l1: 0.03145  ,  Loss/location: 0.49330  ,  pro_loss: 0.12837  ,  IoU: 0.70823  ,  Loss/sim: 0.00000
[train: Epoch 1, 1200 / 1875] FPS: 21.7 (4.3)  ,  DataTime: 1.375 (0.006)  ,  ForwardTime: 0.095  ,  TotalTime: 1.475  ,  Loss/total: 1.33735  ,  Loss/giou: 0.33246  ,  Loss/l1: 0.03134  ,  Loss/location: 0.49010  ,  pro_loss: 0.12821  ,  IoU: 0.70894  ,  Loss/sim: 0.00000
[train: Epoch 1, 1250 / 1875] FPS: 21.4 (4.4)  ,  DataTime: 1.398 (0.006)  ,  ForwardTime: 0.094  ,  TotalTime: 1.497  ,  Loss/total: 1.32751  ,  Loss/giou: 0.33054  ,  Loss/l1: 0.03104  ,  Loss/location: 0.48557  ,  pro_loss: 0.12833  ,  IoU: 0.71038  ,  Loss/sim: 0.00000
[train: Epoch 1, 1300 / 1875] FPS: 21.2 (451.3)  ,  DataTime: 1.410 (0.006)  ,  ForwardTime: 0.093  ,  TotalTime: 1.509  ,  Loss/total: 1.32285  ,  Loss/giou: 0.32966  ,  Loss/l1: 0.03096  ,  Loss/location: 0.48309  ,  pro_loss: 0.12827  ,  IoU: 0.71118  ,  Loss/sim: 0.00000
[train: Epoch 1, 1350 / 1875] FPS: 21.0 (234.6)  ,  DataTime: 1.428 (0.006)  ,  ForwardTime: 0.092  ,  TotalTime: 1.526  ,  Loss/total: 1.31606  ,  Loss/giou: 0.32835  ,  Loss/l1: 0.03078  ,  Loss/location: 0.47981  ,  pro_loss: 0.12831  ,  IoU: 0.71223  ,  Loss/sim: 0.00000
[train: Epoch 1, 1400 / 1875] FPS: 20.8 (4.7)  ,  DataTime: 1.439 (0.006)  ,  ForwardTime: 0.092  ,  TotalTime: 1.536  ,  Loss/total: 1.30953  ,  Loss/giou: 0.32704  ,  Loss/l1: 0.03062  ,  Loss/location: 0.47668  ,  pro_loss: 0.12827  ,  IoU: 0.71330  ,  Loss/sim: 0.00000
[train: Epoch 1, 1450 / 1875] FPS: 20.8 (505.0)  ,  DataTime: 1.445 (0.006)  ,  ForwardTime: 0.091  ,  TotalTime: 1.542  ,  Loss/total: 1.30666  ,  Loss/giou: 0.32683  ,  Loss/l1: 0.03059  ,  Loss/location: 0.47430  ,  pro_loss: 0.12860  ,  IoU: 0.71358  ,  Loss/sim: 0.00000
[train: Epoch 1, 1500 / 1875] FPS: 20.1 (2.1)  ,  DataTime: 1.498 (0.006)  ,  ForwardTime: 0.090  ,  TotalTime: 1.594  ,  Loss/total: 1.30010  ,  Loss/giou: 0.32559  ,  Loss/l1: 0.03039  ,  Loss/location: 0.47126  ,  pro_loss: 0.12852  ,  IoU: 0.71457  ,  Loss/sim: 0.00000
[train: Epoch 1, 1550 / 1875] FPS: 19.7 (493.1)  ,  DataTime: 1.525 (0.006)  ,  ForwardTime: 0.090  ,  TotalTime: 1.621  ,  Loss/total: 1.29446  ,  Loss/giou: 0.32460  ,  Loss/l1: 0.03024  ,  Loss/location: 0.46839  ,  pro_loss: 0.12849  ,  IoU: 0.71534  ,  Loss/sim: 0.00000
[train: Epoch 1, 1600 / 1875] FPS: 19.8 (485.4)  ,  DataTime: 1.523 (0.006)  ,  ForwardTime: 0.089  ,  TotalTime: 1.618  ,  Loss/total: 1.28960  ,  Loss/giou: 0.32373  ,  Loss/l1: 0.03012  ,  Loss/location: 0.46583  ,  pro_loss: 0.12862  ,  IoU: 0.71608  ,  Loss/sim: 0.00000
[train: Epoch 1, 1650 / 1875] FPS: 19.8 (507.6)  ,  DataTime: 1.520 (0.006)  ,  ForwardTime: 0.089  ,  TotalTime: 1.615  ,  Loss/total: 1.28368  ,  Loss/giou: 0.32271  ,  Loss/l1: 0.02995  ,  Loss/location: 0.46286  ,  pro_loss: 0.12833  ,  IoU: 0.71686  ,  Loss/sim: 0.00000
[train: Epoch 1, 1700 / 1875] FPS: 19.7 (480.2)  ,  DataTime: 1.532 (0.006)  ,  ForwardTime: 0.088  ,  TotalTime: 1.626  ,  Loss/total: 1.28010  ,  Loss/giou: 0.32203  ,  Loss/l1: 0.02984  ,  Loss/location: 0.46122  ,  pro_loss: 0.12816  ,  IoU: 0.71737  ,  Loss/sim: 0.00000
[train: Epoch 1, 1750 / 1875] FPS: 19.6 (215.4)  ,  DataTime: 1.542 (0.006)  ,  ForwardTime: 0.088  ,  TotalTime: 1.636  ,  Loss/total: 1.27342  ,  Loss/giou: 0.32067  ,  Loss/l1: 0.02963  ,  Loss/location: 0.45825  ,  pro_loss: 0.12839  ,  IoU: 0.71841  ,  Loss/sim: 0.00000
[train: Epoch 1, 1800 / 1875] FPS: 19.5 (480.0)  ,  DataTime: 1.550 (0.006)  ,  ForwardTime: 0.088  ,  TotalTime: 1.644  ,  Loss/total: 1.26949  ,  Loss/giou: 0.31982  ,  Loss/l1: 0.02951  ,  Loss/location: 0.45663  ,  pro_loss: 0.12830  ,  IoU: 0.71910  ,  Loss/sim: 0.00000
[train: Epoch 1, 1850 / 1875] FPS: 19.4 (469.4)  ,  DataTime: 1.555 (0.006)  ,  ForwardTime: 0.087  ,  TotalTime: 1.648  ,  Loss/total: 1.26515  ,  Loss/giou: 0.31906  ,  Loss/l1: 0.02941  ,  Loss/location: 0.45431  ,  pro_loss: 0.12836  ,  IoU: 0.71978  ,  Loss/sim: 0.00000
[train: Epoch 1, 1875 / 1875] FPS: 19.4 (200.6)  ,  DataTime: 1.557 (0.006)  ,  ForwardTime: 0.087  ,  TotalTime: 1.650  ,  Loss/total: 1.26266  ,  Loss/giou: 0.31854  ,  Loss/l1: 0.02933  ,  Loss/location: 0.45327  ,  pro_loss: 0.12828  ,  IoU: 0.72020  ,  Loss/sim: 0.00000
[train: Epoch 2, 50 / 1875] FPS: 15.1 (490.2)  ,  DataTime: 2.017 (0.006)  ,  ForwardTime: 0.097  ,  TotalTime: 2.121  ,  Loss/total: 1.03675  ,  Loss/giou: 0.26879  ,  Loss/l1: 0.02247  ,  Loss/location: 0.36130  ,  pro_loss: 0.12750  ,  IoU: 0.75928  ,  Loss/sim: 0.00000
[train: Epoch 2, 100 / 1875] FPS: 16.1 (497.4)  ,  DataTime: 1.899 (0.006)  ,  ForwardTime: 0.083  ,  TotalTime: 1.988  ,  Loss/total: 1.08118  ,  Loss/giou: 0.28298  ,  Loss/l1: 0.02460  ,  Loss/location: 0.36622  ,  pro_loss: 0.13002  ,  IoU: 0.74900  ,  Loss/sim: 0.00000
[train: Epoch 2, 150 / 1875] FPS: 16.6 (287.0)  ,  DataTime: 1.840 (0.006)  ,  ForwardTime: 0.081  ,  TotalTime: 1.927  ,  Loss/total: 1.06711  ,  Loss/giou: 0.27893  ,  Loss/l1: 0.02359  ,  Loss/location: 0.36522  ,  pro_loss: 0.13043  ,  IoU: 0.75119  ,  Loss/sim: 0.00000
[train: Epoch 2, 200 / 1875] FPS: 17.1 (18.7)  ,  DataTime: 1.788 (0.006)  ,  ForwardTime: 0.078  ,  TotalTime: 1.872  ,  Loss/total: 1.05517  ,  Loss/giou: 0.27652  ,  Loss/l1: 0.02327  ,  Loss/location: 0.35985  ,  pro_loss: 0.12959  ,  IoU: 0.75312  ,  Loss/sim: 0.00000
[train: Epoch 2, 250 / 1875] FPS: 17.8 (479.7)  ,  DataTime: 1.717 (0.006)  ,  ForwardTime: 0.075  ,  TotalTime: 1.798  ,  Loss/total: 1.05704  ,  Loss/giou: 0.27733  ,  Loss/l1: 0.02330  ,  Loss/location: 0.36001  ,  pro_loss: 0.12922  ,  IoU: 0.75250  ,  Loss/sim: 0.00000
[train: Epoch 2, 300 / 1875] FPS: 17.6 (4.8)  ,  DataTime: 1.738 (0.006)  ,  ForwardTime: 0.075  ,  TotalTime: 1.819  ,  Loss/total: 1.04990  ,  Loss/giou: 0.27501  ,  Loss/l1: 0.02315  ,  Loss/location: 0.35824  ,  pro_loss: 0.12931  ,  IoU: 0.75435  ,  Loss/sim: 0.00000
[train: Epoch 2, 350 / 1875] FPS: 17.6 (481.6)  ,  DataTime: 1.737 (0.006)  ,  ForwardTime: 0.073  ,  TotalTime: 1.816  ,  Loss/total: 1.05494  ,  Loss/giou: 0.27571  ,  Loss/l1: 0.02321  ,  Loss/location: 0.36163  ,  pro_loss: 0.12935  ,  IoU: 0.75398  ,  Loss/sim: 0.00000
[train: Epoch 2, 400 / 1875] FPS: 17.6 (4.9)  ,  DataTime: 1.743 (0.006)  ,  ForwardTime: 0.073  ,  TotalTime: 1.822  ,  Loss/total: 1.05571  ,  Loss/giou: 0.27549  ,  Loss/l1: 0.02315  ,  Loss/location: 0.36321  ,  pro_loss: 0.12883  ,  IoU: 0.75419  ,  Loss/sim: 0.00000
[train: Epoch 2, 450 / 1875] FPS: 17.6 (498.2)  ,  DataTime: 1.734 (0.006)  ,  ForwardTime: 0.075  ,  TotalTime: 1.814  ,  Loss/total: 1.06218  ,  Loss/giou: 0.27718  ,  Loss/l1: 0.02337  ,  Loss/location: 0.36530  ,  pro_loss: 0.12845  ,  IoU: 0.75290  ,  Loss/sim: 0.00000
[train: Epoch 2, 500 / 1875] FPS: 17.6 (6.4)  ,  DataTime: 1.734 (0.006)  ,  ForwardTime: 0.074  ,  TotalTime: 1.815  ,  Loss/total: 1.05907  ,  Loss/giou: 0.27647  ,  Loss/l1: 0.02322  ,  Loss/location: 0.36446  ,  pro_loss: 0.12780  ,  IoU: 0.75323  ,  Loss/sim: 0.00000
[train: Epoch 2, 550 / 1875] FPS: 17.8 (486.4)  ,  DataTime: 1.721 (0.006)  ,  ForwardTime: 0.075  ,  TotalTime: 1.802  ,  Loss/total: 1.06132  ,  Loss/giou: 0.27722  ,  Loss/l1: 0.02340  ,  Loss/location: 0.36427  ,  pro_loss: 0.12796  ,  IoU: 0.75285  ,  Loss/sim: 0.00000
[train: Epoch 2, 600 / 1875] FPS: 17.7 (13.1)  ,  DataTime: 1.724 (0.006)  ,  ForwardTime: 0.074  ,  TotalTime: 1.804  ,  Loss/total: 1.06379  ,  Loss/giou: 0.27787  ,  Loss/l1: 0.02352  ,  Loss/location: 0.36480  ,  pro_loss: 0.12827  ,  IoU: 0.75244  ,  Loss/sim: 0.00000
[train: Epoch 2, 650 / 1875] FPS: 18.1 (18.2)  ,  DataTime: 1.691 (0.006)  ,  ForwardTime: 0.074  ,  TotalTime: 1.771  ,  Loss/total: 1.06453  ,  Loss/giou: 0.27798  ,  Loss/l1: 0.02354  ,  Loss/location: 0.36523  ,  pro_loss: 0.12814  ,  IoU: 0.75234  ,  Loss/sim: 0.00000
[train: Epoch 2, 700 / 1875] FPS: 18.1 (486.3)  ,  DataTime: 1.686 (0.006)  ,  ForwardTime: 0.073  ,  TotalTime: 1.765  ,  Loss/total: 1.06343  ,  Loss/giou: 0.27776  ,  Loss/l1: 0.02350  ,  Loss/location: 0.36469  ,  pro_loss: 0.12857  ,  IoU: 0.75250  ,  Loss/sim: 0.00000
[train: Epoch 2, 750 / 1875] FPS: 18.3 (6.4)  ,  DataTime: 1.670 (0.006)  ,  ForwardTime: 0.073  ,  TotalTime: 1.749  ,  Loss/total: 1.06140  ,  Loss/giou: 0.27713  ,  Loss/l1: 0.02339  ,  Loss/location: 0.36447  ,  pro_loss: 0.12863  ,  IoU: 0.75295  ,  Loss/sim: 0.00000
[train: Epoch 2, 800 / 1875] FPS: 18.5 (225.4)  ,  DataTime: 1.649 (0.006)  ,  ForwardTime: 0.073  ,  TotalTime: 1.728  ,  Loss/total: 1.06002  ,  Loss/giou: 0.27678  ,  Loss/l1: 0.02343  ,  Loss/location: 0.36363  ,  pro_loss: 0.12848  ,  IoU: 0.75332  ,  Loss/sim: 0.00000
[train: Epoch 2, 850 / 1875] FPS: 18.8 (7.8)  ,  DataTime: 1.627 (0.006)  ,  ForwardTime: 0.073  ,  TotalTime: 1.706  ,  Loss/total: 1.05867  ,  Loss/giou: 0.27648  ,  Loss/l1: 0.02333  ,  Loss/location: 0.36337  ,  pro_loss: 0.12837  ,  IoU: 0.75352  ,  Loss/sim: 0.00000
[train: Epoch 2, 900 / 1875] FPS: 19.0 (233.7)  ,  DataTime: 1.605 (0.006)  ,  ForwardTime: 0.075  ,  TotalTime: 1.686  ,  Loss/total: 1.05737  ,  Loss/giou: 0.27635  ,  Loss/l1: 0.02329  ,  Loss/location: 0.36251  ,  pro_loss: 0.12842  ,  IoU: 0.75357  ,  Loss/sim: 0.00000
[train: Epoch 2, 950 / 1875] FPS: 19.1 (492.5)  ,  DataTime: 1.597 (0.006)  ,  ForwardTime: 0.075  ,  TotalTime: 1.678  ,  Loss/total: 1.05586  ,  Loss/giou: 0.27600  ,  Loss/l1: 0.02324  ,  Loss/location: 0.36197  ,  pro_loss: 0.12856  ,  IoU: 0.75385  ,  Loss/sim: 0.00000
